pytest : C:\dev\aide_x\venv\Lib\site-packages\_pytest\config\__init__.py:331: PluggyTeardownRaisedWarning: A 
plugin raised an exception during an old-style hookwrapper teardown.
発生場所 行:1 文字:1
+ pytest tests/ -v -s --log-cli-level=DEBUG > test_output.log 2>&1
+ ~~~~~~~~~~~~~~~~~~~~~~~~~~~~~~~~~~~~~~~~~~~~~~~~~~~~~~~~~~~~~~~~
    + CategoryInfo          : NotSpecified: (C:\dev\aide_x\v...apper teardown.:String) [], RemoteException
    + FullyQualifiedErrorId : NativeCommandError
 
Plugin: helpconfig, Hook: pytest_cmdline_parse
ConftestImportFailure: ImportError: cannot import name 'AIProviderError' from 'src.exceptions' (C:\dev\aide_x
\src\exceptions.py) (from C:\dev\aide_x\tests\conftest.py)
For more information see https://pluggy.readthedocs.io/en/stable/api_reference.html#pluggy.PluggyTeardownRais
edWarning
  config = pluginmanager.hook.pytest_cmdline_parse(
ImportError while loading conftest 'C:\dev\aide_x\tests\conftest.py'.
tests\conftest.py:11: in <module>
    from src.llm.prompts.manager import PromptManager
src\llm\__init__.py:9: in <module>
    from .hub import LLMHub
src\llm\hub.py:9: in <module>
    from .controller import AIController
src\llm\controller.py:18: in <module>
    from src.exceptions import AIProviderError, ResponseFormatError
E   ImportError: cannot import name 'AIProviderError' from 'src.exceptions' (C:\dev\aide_x\src\exceptions.py)
